[colorado2013.drupalcamp.org/index.html]
[backblue.gif]
[fade.gif]
[index.html]
[colorado2013.drupalcamp.org/misc/favicon.ico]
[colorado2013.drupalcamp.org/home.html]
[colorado2013.drupalcamp.org/node/2.html]
[colorado2013.drupalcamp.org/sites/default/files/js/js_zzcIWOou_jnX0ZWAIA4sb6Xy_p5a8FZNA0GySvuWjPU.js]
[colorado2013.drupalcamp.org/sites/default/files/js/js_zPTHB77NgeNBIM92cwkEhD119pvzvQ4z-E7WX09kM3k.js]
[colorado2013.drupalcamp.org/sites/default/files/js/js_XfOSii5YOJ44HIKiJ3cpUxfEne5TBD08lV5UqssMqgk.js]
[colorado2013.drupalcamp.org/sites/default/files/js/js_meDomBEy82aWXpUVuohOCqoX7y2SY1EL4mcRvK0f97E.js]
[colorado2013.drupalcamp.org/sites/all/themes/dcco2013/logo.png]
[colorado2013.drupalcamp.org/node/1.html]
[colorado2013.drupalcamp.org/contact.html]
[colorado2013.drupalcamp.org/user/login.html]
[colorado2013.drupalcamp.org/final-session-list.html]
[colorado2013.drupalcamp.org/sponsors.html]
[colorado2013.drupalcamp.org/node/3.html]
[colorado2013.drupalcamp.org/sites/default/files/styles/slider-teaser/public/wolflawbuildingcomposite_1.JPG_itok=vycBz8xa]
[colorado2013.drupalcamp.org/node/185.html]
[colorado2013.drupalcamp.org/node/184.html]
[colorado2013.drupalcamp.org/sites/default/files/drupal_party.gif]
[colorado2013.drupalcamp.org/node/129.html]
[colorado2013.drupalcamp.org/node/48.html]
[colorado2013.drupalcamp.org/node/152.html]
[colorado2013.drupalcamp.org/training.html]
[colorado2013.drupalcamp.org/node/150.html]
[colorado2013.drupalcamp.org/node/148.html]
[colorado2013.drupalcamp.org/node/149.html]
[colorado2013.drupalcamp.org/news.1.html]
[colorado2013.drupalcamp.org/sites/default/files/styles/medium/public/atendesigngroup_0.png_itok=RtejADPJ]
[colorado2013.drupalcamp.org/node/140.html]
[colorado2013.drupalcamp.org/sites/default/files/styles/medium/public/nmd-drupalcon-red-bg.png_itok=2NHWrXxo]
[colorado2013.drupalcamp.org/node/145.html]
[colorado2013.drupalcamp.org/sites/default/files/styles/medium/public/acquia_logo2.png_itok=aMRAU7iU]
[colorado2013.drupalcamp.org/sites/default/files/js/js_i_X3IeOYncYpIbqZOegjIu0omgIKqbNyy-O7uE1qwiM.js]
[colorado2013.drupalcamp.org/index.html]
[colorado2013.drupalcamp.org/home.html]
[colorado2013.drupalcamp.org/node/2.html]
[colorado2013.drupalcamp.org/misc/throbber.gif]
[colorado2013.drupalcamp.org/misc/grippie.png]
[colorado2013.drupalcamp.org/misc/draggable.png]
[colorado2013.drupalcamp.org/misc/tree.png]
[colorado2013.drupalcamp.org/misc/tree-bottom.png]
[colorado2013.drupalcamp.org/misc/menu-expanded.png]
[colorado2013.drupalcamp.org/misc/menu-collapsed.png]
[colorado2013.drupalcamp.org/misc/menu-leaf.png]
[colorado2013.drupalcamp.org/misc/message-24-ok.png]
[colorado2013.drupalcamp.org/misc/message-24-warning.png]
[colorado2013.drupalcamp.org/misc/message-24-error.png]
[colorado2013.drupalcamp.org/misc/help.png]
[colorado2013.drupalcamp.org/misc/progress.gif]
[colorado2013.drupalcamp.org/sites/default/files/css/css_pbm0lsQQJ7A7WCCIMgxLho6mI_kBNgznNUWmTWcnfoE.css]
[colorado2013.drupalcamp.org/misc/forum-icons.png]
[colorado2013.drupalcamp.org/sites/default/files/css/css_3tmwgUTscaAgYMSwsQZ2lGZWI8qYH6Xsnu-G1zF21z0.css]
[colorado2013.drupalcamp.org/profiles/cod/modules/contrib/ctools/images/status-active.gif]
[colorado2013.drupalcamp.org/sites/all/libraries/flexslider/images/bg_direction_nav.png]
[colorado2013.drupalcamp.org/sites/all/modules/features/cu_slider/dots.png]
[colorado2013.drupalcamp.org/sites/all/modules/features/cu_slider/medium-arrows.png]
[colorado2013.drupalcamp.org/sites/all/modules/features/cu_slider/black50.png]
[colorado2013.drupalcamp.org/sites/default/files/css/css_K6bwiISTMQDh-c950Ggp0Glxd0tb7JkBQptusf2wOeE.css]
[colorado2013.drupalcamp.org/sites/all/themes/omega/omega/images/button.png]
[colorado2013.drupalcamp.org/sites/all/themes/omega/omega/images/select-arrow.gif]
[colorado2013.drupalcamp.org/sites/all/themes/dcco2013/images/mobile-mountains.jpg]
[colorado2013.drupalcamp.org/sites/all/themes/dcco2013/images/toggle.png]
[colorado2013.drupalcamp.org/sites/default/files/css/css_PaVCBEAIGMwhAvnzLOZvHuvvHLEIYWyIEnjXBLlkhMQ.css]
[colorado2013.drupalcamp.org/sites/all/themes/dcco2013/images/mountains-flat3.png]
[colorado2013.drupalcamp.org/sites/all/themes/dcco2013/images/twitter-icons.png]
[colorado2013.drupalcamp.org/sites/default/files/css/css_7IWDeWAS5zW6acG5LKAc8-j1rfeRsc-fPru-NRJyg3Q.css]
[colorado2013.drupalcamp.org/sites/default/files/js/js_4HtGfSv49TmORp8zurXeQRajFFdPONzqFXAEd2I_47U.js]
[colorado2013.drupalcamp.org/node/47.html]
[colorado2013.drupalcamp.org/node/1.html]
[colorado2013.drupalcamp.org/sites/default/files/js/js_H7q2xORKmR9AN8Qx5spKEIBp7R_wG2apAswJoCUZY7I.js]
[colorado2013.drupalcamp.org/contact.html]
[colorado2013.drupalcamp.org/sites/default/files/js/js_mMuSdRh5NeaBYvACFdfxYZFykbM62b1Ir0OkbP8m74A.js]
[colorado2013.drupalcamp.org/user.1.html]
[colorado2013.drupalcamp.org/user/password.html]
[colorado2013.drupalcamp.org/user/login.html]
[colorado2013.drupalcamp.org/final-session-list_title=&field_experience_value=All&field_track_value=All&order=title&sort=asc.html]
[colorado2013.drupalcamp.org/final-session-list_title=&field_experience_value=All&field_track_value=All&order=field_experience&sort=asc.html]
[colorado2013.drupalcamp.org/final-session-list_title=&field_experience_value=All&field_track_value=All&order=field_track&sort=asc.html]
[colorado2013.drupalcamp.org/final-session-list_title=&field_experience_value=All&field_track_value=All&order=field_slot_datetime&sort=desc.html]
[colorado2013.drupalcamp.org/misc/arrow-desc.png]
[colorado2013.drupalcamp.org/node/171.html]
[colorado2013.drupalcamp.org/node/123.html]
[colorado2013.drupalcamp.org/node/160.html]
[colorado2013.drupalcamp.org/node/56.html]
[colorado2013.drupalcamp.org/node/158.html]
[colorado2013.drupalcamp.org/node/49.html]
[colorado2013.drupalcamp.org/node/124.html]
[colorado2013.drupalcamp.org/node/135.html]
[colorado2013.drupalcamp.org/node/146.html]
[colorado2013.drupalcamp.org/node/164.html]
[colorado2013.drupalcamp.org/node/142.html]
[colorado2013.drupalcamp.org/node/50.html]
[colorado2013.drupalcamp.org/node/170.html]
[colorado2013.drupalcamp.org/node/78.html]
[colorado2013.drupalcamp.org/node/169.html]
[colorado2013.drupalcamp.org/node/51.html]
[colorado2013.drupalcamp.org/node/132.html]
[colorado2013.drupalcamp.org/node/157.html]
[colorado2013.drupalcamp.org/node/167.html]
[colorado2013.drupalcamp.org/node/144.html]
[colorado2013.drupalcamp.org/node/154.html]
[colorado2013.drupalcamp.org/node/147.html]
[colorado2013.drupalcamp.org/node/162.html]
[colorado2013.drupalcamp.org/node/168.html]
[colorado2013.drupalcamp.org/final-session-list.html]
[colorado2013.drupalcamp.org/node/55.html]
[colorado2013.drupalcamp.org/node/58.html]
[colorado2013.drupalcamp.org/sites/default/files/styles/medium/public/601am-drupalcamp.png_itok=nUXgz5_S]
[colorado2013.drupalcamp.org/node/128.html]
[colorado2013.drupalcamp.org/sites/default/files/styles/medium/public/pantheon_logo.jpg_itok=DuM2Wl1E]
[colorado2013.drupalcamp.org/sites/default/files/styles/medium/public/AT_logo_RGB_300.png_itok=3edZxmbn]
[colorado2013.drupalcamp.org/node/136.html]
[colorado2013.drupalcamp.org/sites/default/files/styles/medium/public/lullalogo_vertical.png_itok=YINXvRFK]
[colorado2013.drupalcamp.org/node/57.html]
[colorado2013.drupalcamp.org/sites/default/files/styles/medium/public/drupal_camp_logof5bb.jpg_itok=btEz059F]
[colorado2013.drupalcamp.org/node/77.html]
[colorado2013.drupalcamp.org/sites/default/files/styles/medium/public/zivtech-logo.png_itok=nWKpVaQU]
[colorado2013.drupalcamp.org/node/126.html]
[colorado2013.drupalcamp.org/sites/default/files/styles/medium/public/RehabCreative_logo.png_itok=Tvk3rm7R]
[colorado2013.drupalcamp.org/node/127.html]
[colorado2013.drupalcamp.org/sites/default/files/styles/medium/public/card_com_logo.png_itok=r7w0tUyk]
[colorado2013.drupalcamp.org/node/130.html]
[colorado2013.drupalcamp.org/sites/default/files/styles/medium/public/chapter3_logo.png_itok=CxwN0gkf]
[colorado2013.drupalcamp.org/node/137.html]
[colorado2013.drupalcamp.org/sites/default/files/styles/medium/public/drupalizeme-id_dark.png_itok=4TBgTj-i]
[colorado2013.drupalcamp.org/node/139.html]
[colorado2013.drupalcamp.org/sites/default/files/styles/medium/public/Oxbow-Labs-Logo-Square.png_itok=AwVQbNbb]
[colorado2013.drupalcamp.org/node/151.html]
[colorado2013.drupalcamp.org/sites/default/files/styles/medium/public/BMLogo_Color.png_itok=AArlPK88]
[colorado2013.drupalcamp.org/node/161.html]
[colorado2013.drupalcamp.org/sites/default/files/styles/medium/public/transparent-1.png_itok=98NnE-TK]
[colorado2013.drupalcamp.org/node/172.html]
[colorado2013.drupalcamp.org/sites/default/files/styles/medium/public/Page1LogoNew.png_itok=0hSGh-WG]
[colorado2013.drupalcamp.org/sponsors.html]
[colorado2013.drupalcamp.org/sites/default/files/js/js_urEiiXuHmHtG9JzvgklDqsP61KpI4SJzkGH6G9pQA70.js]
[colorado2013.drupalcamp.org/community_uid=&field_profile_first_value=&field_profile_last_format=&field_profile_interests_value=&field_profile_job_title_value=&order=field_profile_last&sort=asc.html]
[colorado2013.drupalcamp.org/community_uid=&field_profile_first_value=&field_profile_last_format=&field_profile_interests_value=&field_profile_job_title_value=&order=field_profile_org_1&sort=asc.html]
[colorado2013.drupalcamp.org/community_uid=&field_profile_first_value=&field_profile_last_format=&field_profile_interests_value=&field_profile_job_title_value=&order=field_profile_job_title&sort=asc.html]
[colorado2013.drupalcamp.org/users/msonnabaum.html]
[colorado2013.drupalcamp.org/sites/default/files/styles/tiny/public/pictures/picture-345-1372609096.jpg_itok=mEbmTL24]
[colorado2013.drupalcamp.org/users/tobyk.html]
[colorado2013.drupalcamp.org/sites/default/files/styles/tiny/public/pictures/picture-306-1372519667.jpg_itok=RhAWGLiV]
[colorado2013.drupalcamp.org/users/magnuskempe.html]
[colorado2013.drupalcamp.org/sites/default/files/styles/tiny/public/pictures/picture-435-1372509688.jpg_itok=mUZO3_BV]
[colorado2013.drupalcamp.org/users/schmitmd.html]
[colorado2013.drupalcamp.org/sites/default/files/styles/tiny/public/pictures/picture-433-1372464190.png_itok=Pr2Xurkg]
[colorado2013.drupalcamp.org/users/sanguis.html]
[colorado2013.drupalcamp.org/sites/default/files/styles/tiny/public/pictures/picture-432-1372460438.jpg_itok=WAzRZq2x]
[colorado2013.drupalcamp.org/users/criznach.html]
[colorado2013.drupalcamp.org/sites/default/files/styles/tiny/public/pictures/picture-429-1372442210.jpg_itok=zNOfsktD]
[colorado2013.drupalcamp.org/users/jeisel.html]
[colorado2013.drupalcamp.org/sites/default/files/styles/tiny/public/pictures/picture-311-1372430227.png_itok=Mw1TzIsw]
[colorado2013.drupalcamp.org/users/longtom.html]
[colorado2013.drupalcamp.org/sites/default/files/styles/tiny/public/pictures/picture-424-1372393683.jpg_itok=yBfJAcZV]
[colorado2013.drupalcamp.org/users/davidstacey.html]
[colorado2013.drupalcamp.org/sites/default/files/styles/tiny/public/pictures/picture-422-1372376783.jpg_itok=-XVkJ4cC]
[colorado2013.drupalcamp.org/users/dan.html]
[colorado2013.drupalcamp.org/sites/default/files/styles/tiny/public/pictures/picture-41-1372375478.jpg_itok=jlZqvoHA]
[colorado2013.drupalcamp.org/users/greggles.html]
[colorado2013.drupalcamp.org/sites/default/files/styles/tiny/public/pictures/picture-16-1372352341.jpg_itok=SQ-BiTsZ]
[colorado2013.drupalcamp.org/users/rojosnow.html]
[colorado2013.drupalcamp.org/sites/default/files/styles/tiny/public/pictures/picture-409-1372301903.jpg_itok=yS6PINbJ]
[colorado2013.drupalcamp.org/users/jking1224.html]
[colorado2013.drupalcamp.org/sites/default/files/styles/tiny/public/pictures/picture-278-1372296077.jpg_itok=Ua64R1i3]
[colorado2013.drupalcamp.org/users/radeus.html]
[colorado2013.drupalcamp.org/sites/default/files/styles/tiny/public/pictures/picture-407-1372289791.jpg_itok=guBvNgOg]
[colorado2013.drupalcamp.org/users/kstansell.html]
[colorado2013.drupalcamp.org/sites/default/files/styles/tiny/public/pictures/picture-406-1372287232.jpg_itok=atd7bGPx]
[colorado2013.drupalcamp.org/users/tacoberly.html]
[colorado2013.drupalcamp.org/sites/default/files/styles/tiny/public/pictures/picture-386-1372265402.jpg_itok=Xi5pAuRQ]
[colorado2013.drupalcamp.org/users/rmcveigh.html]
[colorado2013.drupalcamp.org/sites/default/files/styles/tiny/public/pictures/picture-395-1372258696.jpg_itok=b0NZ2Q4U]
[colorado2013.drupalcamp.org/users/mojolama.html]
[colorado2013.drupalcamp.org/sites/default/files/styles/tiny/public/pictures/picture-388-1372201428.jpg_itok=DrM9ZYnp]
[colorado2013.drupalcamp.org/users/zekeweeks.html]
[colorado2013.drupalcamp.org/sites/default/files/styles/tiny/public/pictures/picture-387-1372198324.jpg_itok=zXt65r0Z]
[colorado2013.drupalcamp.org/users/lisahatespickles.html]
[colorado2013.drupalcamp.org/sites/default/files/styles/tiny/public/pictures/picture-325-1372184233.png_itok=9RxJ2_Sz]
[colorado2013.drupalcamp.org/users/ssandidge.html]
[colorado2013.drupalcamp.org/sites/default/files/styles/tiny/public/pictures/picture-377-1372095797.jpg_itok=iFfv9WyH]
[colorado2013.drupalcamp.org/users/jkrusze.html]
[colorado2013.drupalcamp.org/sites/default/files/styles/tiny/public/pictures/picture-373-1372005010.jpg_itok=2PphVHUD]
[colorado2013.drupalcamp.org/users/alfredo.html]
[colorado2013.drupalcamp.org/sites/default/files/styles/tiny/public/pictures/picture-313-1371838730.jpg_itok=hHSjrV9g]
[colorado2013.drupalcamp.org/users/timmvt.html]
[colorado2013.drupalcamp.org/sites/default/files/styles/tiny/public/pictures/picture-368-1371828137.jpg_itok=vsnTuLv7]
[colorado2013.drupalcamp.org/users/kirsten-rae.html]
[colorado2013.drupalcamp.org/sites/default/files/styles/tiny/public/pictures/picture-366-1371763373.jpg_itok=aVb4UJOC]
[colorado2013.drupalcamp.org/users/crashtest.html]
[colorado2013.drupalcamp.org/sites/default/files/styles/tiny/public/pictures/picture-356-1371651828.jpg_itok=5jnMwhk7]
[colorado2013.drupalcamp.org/users/gregvogl.html]
[colorado2013.drupalcamp.org/sites/default/files/styles/tiny/public/pictures/picture-354-1371587209.jpg_itok=17Ld2Yz5]
[colorado2013.drupalcamp.org/users/mtnguru.html]
[colorado2013.drupalcamp.org/sites/default/files/styles/tiny/public/pictures/picture-349-1371574632.jpg_itok=7kRceLxz]
[colorado2013.drupalcamp.org/users/c4rl.html]
[colorado2013.drupalcamp.org/sites/default/files/styles/tiny/public/pictures/picture-63-1371533388.png_itok=DdTDYs27]
[colorado2013.drupalcamp.org/users/alasda.html]
[colorado2013.drupalcamp.org/sites/default/files/styles/tiny/public/pictures/picture-344-1371510359.jpg_itok=RzFTiiYz]
[colorado2013.drupalcamp.org/users/neardark.html]
[colorado2013.drupalcamp.org/sites/default/files/styles/tiny/public/pictures/picture-343-1371510202.jpg_itok=boVr6Ef_]
[colorado2013.drupalcamp.org/users/endupok.html]
[colorado2013.drupalcamp.org/sites/default/files/styles/tiny/public/pictures/picture-330-1371501249.png_itok=YUZ-6u4j]
[colorado2013.drupalcamp.org/users/copperbot.html]
[colorado2013.drupalcamp.org/sites/default/files/styles/tiny/public/pictures/picture-339-1371484076.jpg_itok=g_wPqIHl]
[colorado2013.drupalcamp.org/users/ryanblyth.html]
[colorado2013.drupalcamp.org/sites/default/files/styles/tiny/public/pictures/picture-337-1371245634.jpg_itok=sKgCnztO]
[colorado2013.drupalcamp.org/users/kirei.html]
[colorado2013.drupalcamp.org/sites/default/files/styles/tiny/public/pictures/picture-334-1371236909.jpg_itok=_Azb7cPk]
[colorado2013.drupalcamp.org/users/joshcoast.html]
[colorado2013.drupalcamp.org/sites/default/files/styles/tiny/public/pictures/picture-329-1371220728.png_itok=9nua_Lyy]
[colorado2013.drupalcamp.org/users/rdugwyler.html]
[colorado2013.drupalcamp.org/sites/default/files/styles/tiny/public/pictures/picture-327-1371177987.jpg_itok=Y36_roXJ]
[colorado2013.drupalcamp.org/users/william-moats.html]
[colorado2013.drupalcamp.org/sites/default/files/styles/tiny/public/pictures/picture-320-1371168585.jpg_itok=kxDGgzh_]
[colorado2013.drupalcamp.org/users/curtiscsnyder.html]
[colorado2013.drupalcamp.org/sites/default/files/styles/tiny/public/pictures/picture-322-1371145886.jpg_itok=aH244hWo]
[colorado2013.drupalcamp.org/users/nouveaustar.html]
[colorado2013.drupalcamp.org/sites/default/files/styles/tiny/public/pictures/picture-321-1371145378.jpg_itok=l202SkNc]
[colorado2013.drupalcamp.org/users/bartlantz.html]
[colorado2013.drupalcamp.org/sites/default/files/styles/tiny/public/pictures/picture-319-1371145360.jpg_itok=caJUf6uU]
[colorado2013.drupalcamp.org/users/kreynen.html]
[colorado2013.drupalcamp.org/sites/default/files/styles/tiny/public/pictures/picture-286-1371136541.png_itok=Fb57vAC6]
[colorado2013.drupalcamp.org/users/maarit.html]
[colorado2013.drupalcamp.org/sites/default/files/styles/tiny/public/pictures/picture-315-1371128152.jpg_itok=SPgw9u16]
[colorado2013.drupalcamp.org/users/epruett.html]
[colorado2013.drupalcamp.org/sites/default/files/styles/tiny/public/pictures/picture-312-1371059668.png_itok=c8Fba-Y6]
[colorado2013.drupalcamp.org/users/sergiobordas.html]
[colorado2013.drupalcamp.org/sites/default/files/styles/tiny/public/pictures/picture-305-1370972413.jpg_itok=THEg3QyJ]
[colorado2013.drupalcamp.org/users/joshmiller.html]
[colorado2013.drupalcamp.org/sites/default/files/styles/tiny/public/pictures/picture-304-1370969878.jpg_itok=l-1HKm4R]
[colorado2013.drupalcamp.org/users/joelsteidl.html]
[colorado2013.drupalcamp.org/sites/default/files/styles/tiny/public/pictures/picture-301-1370896163.jpg_itok=WatiDQlu]
[colorado2013.drupalcamp.org/users/killtheliterate.html]
[colorado2013.drupalcamp.org/sites/default/files/styles/tiny/public/pictures/picture-300-1370890636.jpg_itok=AtvTmJh0]
[colorado2013.drupalcamp.org/users/sdemaree.html]
[colorado2013.drupalcamp.org/sites/default/files/styles/tiny/public/pictures/picture-295-1370879210.jpg_itok=mAU0eKDj]
[colorado2013.drupalcamp.org/users/quicksketch.html]
[colorado2013.drupalcamp.org/sites/default/files/styles/tiny/public/pictures/picture-292-1370729063.jpg_itok=K4IgzGda]
[colorado2013.drupalcamp.org/users/schwandr.html]
[colorado2013.drupalcamp.org/sites/default/files/styles/tiny/public/pictures/picture-15-1370641407.jpg_itok=DB9WduV9]
[colorado2013.drupalcamp.org/users/owntheweb.html]
[colorado2013.drupalcamp.org/sites/default/files/styles/tiny/public/pictures/picture-290-1370639838.jpg_itok=mt9CowG4]
[colorado2013.drupalcamp.org/users/chasingdownadream.html]
[colorado2013.drupalcamp.org/sites/default/files/styles/tiny/public/pictures/picture-274-1370617198.jpg_itok=IAjRzUe1]
[colorado2013.drupalcamp.org/users/schaper.html]
[colorado2013.drupalcamp.org/sites/default/files/styles/tiny/public/pictures/picture-287-1370615487.jpg_itok=pbogEKxm]
[colorado2013.drupalcamp.org/users/davidcsonka.html]
[colorado2013.drupalcamp.org/sites/default/files/styles/tiny/public/pictures/picture-284-1370562713.jpg_itok=A_sa0UiT]
[colorado2013.drupalcamp.org/users/brentrobbins.html]
[colorado2013.drupalcamp.org/sites/default/files/styles/tiny/public/pictures/picture-282-1370561990.jpg_itok=Gw1wQL7d]
[colorado2013.drupalcamp.org/users/hessebar.html]
[colorado2013.drupalcamp.org/sites/default/files/styles/tiny/public/pictures/picture-281-1370557263.jpg_itok=jME52-gR]
[colorado2013.drupalcamp.org/users/dave-reid.html]
[colorado2013.drupalcamp.org/sites/default/files/styles/tiny/public/pictures/picture-280-1370554352.jpg_itok=gpX74Ae3]
[colorado2013.drupalcamp.org/users/kamorrissey.html]
[colorado2013.drupalcamp.org/sites/default/files/styles/tiny/public/pictures/picture-277-1370542221.jpg_itok=s1zFWpvh]
[colorado2013.drupalcamp.org/users/juliaset.html]
[colorado2013.drupalcamp.org/sites/default/files/styles/tiny/public/pictures/picture-109-1370540841.jpg_itok=_7fUJRt1]
[colorado2013.drupalcamp.org/users/techgirlgeek.html]
[colorado2013.drupalcamp.org/sites/default/files/styles/tiny/public/pictures/picture-25-1370539127.jpg_itok=vk8WZUYz]
[colorado2013.drupalcamp.org/users/kenwoodworth.html]
[colorado2013.drupalcamp.org/sites/default/files/styles/tiny/public/pictures/picture-272-1370466128.png_itok=QePZ8f7R]
[colorado2013.drupalcamp.org/users/david-marvin.html]
[colorado2013.drupalcamp.org/sites/default/files/styles/tiny/public/pictures/picture-271-1370461021.png_itok=U7YbqZTG]
[colorado2013.drupalcamp.org/users/rochellescott.html]
[colorado2013.drupalcamp.org/sites/default/files/styles/tiny/public/pictures/picture-269-1370452688.png_itok=NnVs9YB0]
[colorado2013.drupalcamp.org/users/mdorman.html]
[colorado2013.drupalcamp.org/sites/default/files/styles/tiny/public/pictures/picture-260-1370436146.jpg_itok=WjibSRO-]
[colorado2013.drupalcamp.org/users/sethlbrown.html]
[colorado2013.drupalcamp.org/sites/default/files/styles/tiny/public/pictures/picture-264-1370384496.jpg_itok=5irqVJOX]
[colorado2013.drupalcamp.org/users/trhein.html]
[colorado2013.drupalcamp.org/sites/default/files/styles/tiny/public/pictures/picture-263-1370382522.jpg_itok=dOH30-Qp]
[colorado2013.drupalcamp.org/users/ptocheia.html]
[colorado2013.drupalcamp.org/sites/default/files/styles/tiny/public/pictures/picture-261-1370367600.jpg_itok=dDg3Yafk]
[colorado2013.drupalcamp.org/users/jessicamontgomerie.html]
[colorado2013.drupalcamp.org/sites/default/files/styles/tiny/public/pictures/picture-258-1370314190.png_itok=MlzZMa9n]
[colorado2013.drupalcamp.org/users/hillarycamp.html]
[colorado2013.drupalcamp.org/sites/default/files/styles/tiny/public/pictures/picture-257-1370298859.jpg_itok=IxFiNhiI]
[colorado2013.drupalcamp.org/users/bradjones1.html]
[colorado2013.drupalcamp.org/sites/default/files/styles/tiny/public/pictures/picture-115-1370289637.jpg_itok=SxZgYVNV]
[colorado2013.drupalcamp.org/users/kidicarus.html]
[colorado2013.drupalcamp.org/sites/default/files/styles/tiny/public/pictures/picture-255-1370285484.jpg_itok=VKT-V-dx]
[colorado2013.drupalcamp.org/users/mikefyfer.html]
[colorado2013.drupalcamp.org/sites/default/files/styles/tiny/public/pictures/picture-251-1370280653.jpg_itok=qaOEHQQX]
[colorado2013.drupalcamp.org/users/danny.html]
[colorado2013.drupalcamp.org/sites/default/files/styles/tiny/public/pictures/picture-250-1370280020.jpg_itok=yY254hF9]
[colorado2013.drupalcamp.org/users/keya.html]
[colorado2013.drupalcamp.org/sites/default/files/styles/tiny/public/pictures/picture-170-1370192676.jpg_itok=dc0oz12m]
[colorado2013.drupalcamp.org/users/databoy.html]
[colorado2013.drupalcamp.org/sites/default/files/styles/tiny/public/pictures/picture-57-1370138859.jpg_itok=tMKgGOmG]
[colorado2013.drupalcamp.org/users/mrpatrickwest.html]
[colorado2013.drupalcamp.org/sites/default/files/styles/tiny/public/pictures/picture-112-1370033070.jpg_itok=zbBNkjYL]
[colorado2013.drupalcamp.org/users/celiah.html]
[colorado2013.drupalcamp.org/sites/default/files/styles/tiny/public/pictures/picture-108-1370026048.jpg_itok=Ari60LU6]
[colorado2013.drupalcamp.org/users/apbailey.html]
[colorado2013.drupalcamp.org/sites/default/files/styles/tiny/public/pictures/picture-107-1370021087.jpg_itok=QiA6QjKP]
[colorado2013.drupalcamp.org/users/vonsigg.html]
[colorado2013.drupalcamp.org/sites/default/files/styles/tiny/public/pictures/picture-106-1370019874.jpg_itok=K2CF8WHI]
[colorado2013.drupalcamp.org/users/theladebug.html]
[colorado2013.drupalcamp.org/sites/default/files/styles/tiny/public/pictures/picture-79-1369945947.jpg_itok=y_QCWaM2]
[colorado2013.drupalcamp.org/users/misswilder.html]
[colorado2013.drupalcamp.org/sites/default/files/styles/tiny/public/pictures/picture-77-1369944166.jpg_itok=LRX2hWvG]
[colorado2013.drupalcamp.org/users/hugolallowavecloudcom.html]
[colorado2013.drupalcamp.org/sites/default/files/styles/tiny/public/pictures/picture-72-1369932446.jpg_itok=aghfxzdP]
[colorado2013.drupalcamp.org/users/draenen.html]
[colorado2013.drupalcamp.org/sites/default/files/styles/tiny/public/pictures/picture-71-1369931919.jpg_itok=0TNqk71n]
[colorado2013.drupalcamp.org/sites/default/files/styles/tiny/public/pictures/picture-56-1369931431.jpg_itok=ImHA0rDW]
[colorado2013.drupalcamp.org/users/protitude.html]
[colorado2013.drupalcamp.org/sites/default/files/styles/tiny/public/pictures/picture-14-1369931414.jpg_itok=Iy7Wzn11]
[colorado2013.drupalcamp.org/users/greggmarshall.html]
[colorado2013.drupalcamp.org/sites/default/files/styles/tiny/public/pictures/picture-64-1369910300.jpg_itok=BKORKQqN]
[colorado2013.drupalcamp.org/users/shahpa.html]
[colorado2013.drupalcamp.org/sites/default/files/styles/tiny/public/pictures/picture-31-1369849282.jpg_itok=NmbOnu6x]
[colorado2013.drupalcamp.org/users/daisytrench.html]
[colorado2013.drupalcamp.org/sites/default/files/styles/tiny/public/pictures/picture-51-1369842004.jpg_itok=YLAPUzul]
[colorado2013.drupalcamp.org/users/jimmynash.html]
[colorado2013.drupalcamp.org/sites/default/files/styles/tiny/public/pictures/picture-53-1369833314.jpg_itok=9cVZu4SE]
[colorado2013.drupalcamp.org/users/juaneclark.html]
[colorado2013.drupalcamp.org/sites/default/files/styles/tiny/public/pictures/picture-52-1369804536.jpg_itok=rHJ8tSV_]
[colorado2013.drupalcamp.org/users/gregnostic.html]
[colorado2013.drupalcamp.org/sites/default/files/styles/tiny/public/pictures/picture-50-1369802443.jpg_itok=o3x5qawP]
[colorado2013.drupalcamp.org/users/hunter.html]
[colorado2013.drupalcamp.org/sites/default/files/styles/tiny/public/pictures/picture-49-1369801979.png_itok=_cT7B5u3]
[colorado2013.drupalcamp.org/users/maidanet.html]
[colorado2013.drupalcamp.org/sites/default/files/styles/tiny/public/pictures/picture-48-1369794605.jpg_itok=CDI7-P3E]
[colorado2013.drupalcamp.org/users/rickmanelius.html]
[colorado2013.drupalcamp.org/sites/default/files/styles/tiny/public/pictures/picture-44-1369785904.jpg_itok=hUV1fDep]
[colorado2013.drupalcamp.org/users/natecopt.html]
[colorado2013.drupalcamp.org/sites/default/files/styles/tiny/public/pictures/picture-35-1369784964.jpg_itok=2GmU-DSi]
[colorado2013.drupalcamp.org/users/brian.html]
[colorado2013.drupalcamp.org/sites/default/files/styles/tiny/public/pictures/picture-40-1369783497.jpg_itok=wQ-2qhfl]
[colorado2013.drupalcamp.org/users/winn.html]
[colorado2013.drupalcamp.org/sites/default/files/styles/tiny/public/pictures/picture-38-1369782851.jpg_itok=E5UjtVeN]
[colorado2013.drupalcamp.org/users/matthews.html]
[colorado2013.drupalcamp.org/sites/default/files/styles/tiny/public/pictures/picture-36-1369782441.jpg_itok=skPa_o0l]
[colorado2013.drupalcamp.org/users/cyberswat.html]
[colorado2013.drupalcamp.org/sites/default/files/styles/tiny/public/pictures/picture-34-1369781229.png_itok=j0pr3b9U]
[colorado2013.drupalcamp.org/community_uid=&field_profile_first_value=&field_profile_last_format=&field_profile_interests_value=&field_profile_job_title_value=&page=1.html]
[colorado2013.drupalcamp.org/community_uid=&field_profile_first_value=&field_profile_last_format=&field_profile_interests_value=&field_profile_job_title_value=&page=2.html]
[colorado2013.drupalcamp.org/community.html]
[colorado2013.drupalcamp.org/node/3.html]
[colorado2013.drupalcamp.org/node/185.html]
[colorado2013.drupalcamp.org/node/184.html]
[colorado2013.drupalcamp.org/node/129.html]
[colorado2013.drupalcamp.org/node/48.html]
[colorado2013.drupalcamp.org/node/152.html]
[colorado2013.drupalcamp.org/training.html]
[colorado2013.drupalcamp.org/node/150.html]
[colorado2013.drupalcamp.org/node/148.html]
[colorado2013.drupalcamp.org/node/149.html]
[colorado2013.drupalcamp.org/node/45.html]
[colorado2013.drupalcamp.org/sites/default/files/jeff_eaton_small.jpg]
[colorado2013.drupalcamp.org/node/44.html]
[colorado2013.drupalcamp.org/news.1.html]
[colorado2013.drupalcamp.org/node/140.html]
[colorado2013.drupalcamp.org/node/145.html]
[colorado2013.drupalcamp.org/sites/default/files/css/css_WnWHVoPvRESJOptOo2rcuVD0sksGVsB4lhOXhXm10co.css]
[colorado2013.drupalcamp.org/sites/default/files/css/css_SJIMTPevqZ2kfsWUv381hqa_kp1GO9ynvz-KULUxlB4.css]
[colorado2013.drupalcamp.org/sites/default/files/css/css_2N6YVvnMvMd4OquBLaUk_fZwiiT0OiNriRP6thVns-I.css]
[colorado2013.drupalcamp.org/sites/default/files/css/css_v5N-MoD5N6I4Ee73DAfl2WZCIEugXALb14XBUSyUiGk.css]
[colorado2013.drupalcamp.org/node/47.html]
[colorado2013.drupalcamp.org/user.1.html]
[colorado2013.drupalcamp.org/user/password.html]
[colorado2013.drupalcamp.org/final-session-list_title=&field_experience_value=All&field_track_value=All&order=title&sort=desc.html]
[colorado2013.drupalcamp.org/final-session-list_title=&field_experience_value=All&field_track_value=All&order=field_slot_datetime&sort=asc.html]
[colorado2013.drupalcamp.org/final-session-list_title=&field_experience_value=All&field_track_value=All&order=title&sort=asc.html]
[colorado2013.drupalcamp.org/final-session-list_title=&field_experience_value=All&field_track_value=All&order=field_experience&sort=desc.html]
[colorado2013.drupalcamp.org/final-session-list_title=&field_experience_value=All&field_track_value=All&order=field_experience&sort=asc.html]
[colorado2013.drupalcamp.org/final-session-list_title=&field_experience_value=All&field_track_value=All&order=field_track&sort=desc.html]
[colorado2013.drupalcamp.org/final-session-list_title=&field_experience_value=All&field_track_value=All&order=field_track&sort=asc.html]
[colorado2013.drupalcamp.org/misc/arrow-asc.png]
[colorado2013.drupalcamp.org/final-session-list_title=&field_experience_value=All&field_track_value=All&order=field_slot_datetime&sort=desc.html]
[colorado2013.drupalcamp.org/sites/default/files/js/js_u2YC5nLdJCZGzQbo8hgXMgeLUffc2cBo6mo1AuSEEG0.js]
[colorado2013.drupalcamp.org/node/171.html]
[colorado2013.drupalcamp.org/node/123.html]
[colorado2013.drupalcamp.org/node/160.html]
[colorado2013.drupalcamp.org/node/56.html]
[colorado2013.drupalcamp.org/node/158.html]
[colorado2013.drupalcamp.org/node/49.html]
[colorado2013.drupalcamp.org/node/124.html]
[colorado2013.drupalcamp.org/node/135.html]
[colorado2013.drupalcamp.org/node/146.html]
[colorado2013.drupalcamp.org/node/164.html]
[colorado2013.drupalcamp.org/node/142.html]
[colorado2013.drupalcamp.org/node/50.html]
[colorado2013.drupalcamp.org/node/170.html]
[colorado2013.drupalcamp.org/node/78.html]
[colorado2013.drupalcamp.org/sites/default/files/slides/DCCO13 CU-Boulder_1.pdf]
[colorado2013.drupalcamp.org/node/169.html]
[colorado2013.drupalcamp.org/node/51.html]
[colorado2013.drupalcamp.org/node/132.html]
[colorado2013.drupalcamp.org/node/157.html]
[colorado2013.drupalcamp.org/node/167.html]
[colorado2013.drupalcamp.org/node/144.html]
[colorado2013.drupalcamp.org/node/154.html]
[colorado2013.drupalcamp.org/node/131.html]
[colorado2013.drupalcamp.org/node/147.html]
[colorado2013.drupalcamp.org/node/162.html]
[colorado2013.drupalcamp.org/node/168.html]
[colorado2013.drupalcamp.org/node/55.html]
[colorado2013.drupalcamp.org/node/58.html]
[colorado2013.drupalcamp.org/node/128.html]
[colorado2013.drupalcamp.org/node/136.html]
[colorado2013.drupalcamp.org/node/57.html]
[colorado2013.drupalcamp.org/node/77.html]
[colorado2013.drupalcamp.org/node/126.html]
[colorado2013.drupalcamp.org/node/127.html]
[colorado2013.drupalcamp.org/node/130.html]
[colorado2013.drupalcamp.org/node/137.html]
[colorado2013.drupalcamp.org/node/139.html]
[colorado2013.drupalcamp.org/node/151.html]
[colorado2013.drupalcamp.org/node/161.html]
[colorado2013.drupalcamp.org/node/172.html]
[colorado2013.drupalcamp.org/community_uid=&field_profile_first_value=&field_profile_last_format=&field_profile_interests_value=&field_profile_job_title_value=&order=field_profile_last&sort=desc.html]
[colorado2013.drupalcamp.org/users/macwpage1.html]
[colorado2013.drupalcamp.org/users/anitaapage1.html]
[colorado2013.drupalcamp.org/users/keyboardcowboy.html]
[colorado2013.drupalcamp.org/users/todd.html]
[colorado2013.drupalcamp.org/users/antoniou.html]
[colorado2013.drupalcamp.org/users/davebailey.html]
[colorado2013.drupalcamp.org/users/douglasbaldwin.html]
[colorado2013.drupalcamp.org/users/rballou.html]
[colorado2013.drupalcamp.org/users/erbeck.html]
[colorado2013.drupalcamp.org/users/andrew-biddinger.html]
[colorado2013.drupalcamp.org/users/brockboland.html]
[colorado2013.drupalcamp.org/users/allisonbpage1.html]
[colorado2013.drupalcamp.org/users/thadruben55.html]
[colorado2013.drupalcamp.org/users/beeradb.html]
[colorado2013.drupalcamp.org/users/jwbraucher.html]
[colorado2013.drupalcamp.org/users/bredehoft.html]
[colorado2013.drupalcamp.org/users/nick.html]
[colorado2013.drupalcamp.org/users/annemosh.html]
[colorado2013.drupalcamp.org/users/andrewbrookhart.html]
[colorado2013.drupalcamp.org/users/stevejburge.html]
[colorado2013.drupalcamp.org/users/clainecohen.html]
[colorado2013.drupalcamp.org/users/chrisolof.html]
[colorado2013.drupalcamp.org/users/stephanie-canon.html]
[colorado2013.drupalcamp.org/users/markie.html]
[colorado2013.drupalcamp.org/sites/default/files/styles/tiny/public/pictures/picture-24-1369778259.jpg_itok=97gyOxBu]
[colorado2013.drupalcamp.org/users/locktenor6.html]
[colorado2013.drupalcamp.org/users/omensonl.html]
[colorado2013.drupalcamp.org/users/rkchesnutt.html]
[colorado2013.drupalcamp.org/users/larsdesigns.html]
[colorado2013.drupalcamp.org/users/connie-clem.html]
[colorado2013.drupalcamp.org/users/frodopwns.html]
[colorado2013.drupalcamp.org/users/ccoughlan.html]
[colorado2013.drupalcamp.org/users/kevincrafts.html]
[colorado2013.drupalcamp.org/users/crafts.html]
[colorado2013.drupalcamp.org/users/jcrespo.html]
[colorado2013.drupalcamp.org/users/curtins.html]
[colorado2013.drupalcamp.org/users/dawnlizdavis.html]
[colorado2013.drupalcamp.org/users/roger7rene.html]
[colorado2013.drupalcamp.org/users/cedewey.html]
[colorado2013.drupalcamp.org/users/rdickert.html]
[colorado2013.drupalcamp.org/users/robingoodfellow.html]
[colorado2013.drupalcamp.org/users/larboyt.html]
[colorado2013.drupalcamp.org/users/sarah8.html]
[colorado2013.drupalcamp.org/users/cdykstra.html]
[colorado2013.drupalcamp.org/users/fredo.html]
[colorado2013.drupalcamp.org/users/johne.html]
[colorado2013.drupalcamp.org/users/yakbud33.html]
[colorado2013.drupalcamp.org/users/chasengine16.html]
[colorado2013.drupalcamp.org/users/jfellers.html]
[colorado2013.drupalcamp.org/users/tannerjf.html]
[colorado2013.drupalcamp.org/users/bzbferris.html]
[colorado2013.drupalcamp.org/users/jcfiala.html]
[colorado2013.drupalcamp.org/sites/default/files/styles/tiny/public/pictures/picture-29-1369762482.jpg_itok=aUGn0vZ7]
[colorado2013.drupalcamp.org/users/benfields.html]
[colorado2013.drupalcamp.org/users/alanfields.html]
[colorado2013.drupalcamp.org/users/donn0door.html]
[colorado2013.drupalcamp.org/users/cathym.html]
[colorado2013.drupalcamp.org/users/benjf.html]
[colorado2013.drupalcamp.org/users/cividesk.html]
[colorado2013.drupalcamp.org/users/ezra-g.html]
[colorado2013.drupalcamp.org/users/brian-goodheim.html]
[colorado2013.drupalcamp.org/users/cobadger.html]
[colorado2013.drupalcamp.org/users/songalonzo77.html]
[colorado2013.drupalcamp.org/users/bgstalder.html]
[colorado2013.drupalcamp.org/users/dkh.html]
[colorado2013.drupalcamp.org/users/timhpage1.html]
[colorado2013.drupalcamp.org/users/garbanzito.html]
[colorado2013.drupalcamp.org/users/bruceharrison.html]
[colorado2013.drupalcamp.org/users/ed1hen.html]
[colorado2013.drupalcamp.org/community_uid=&field_profile_first_value=&field_profile_last_format=&field_profile_interests_value=&field_profile_job_title_value=&page=1&order=field_profile_last&sort=asc.html]
[colorado2013.drupalcamp.org/community_uid=&field_profile_first_value=&field_profile_last_format=&field_profile_interests_value=&field_profile_job_title_value=&page=2&order=field_profile_last&sort=asc.html]
[colorado2013.drupalcamp.org/community_uid=&field_profile_first_value=&field_profile_last_format=&field_profile_interests_value=&field_profile_job_title_value=&order=field_profile_last&sort=asc.html]
[colorado2013.drupalcamp.org/community_uid=&field_profile_first_value=&field_profile_last_format=&field_profile_interests_value=&field_profile_job_title_value=&order=field_profile_org_1&sort=desc.html]
[colorado2013.drupalcamp.org/users/disasm.html]
[colorado2013.drupalcamp.org/users/von81pan.html]
[colorado2013.drupalcamp.org/users/karltray5.html]
[colorado2013.drupalcamp.org/users/comb0kraig.html]
[colorado2013.drupalcamp.org/users/letting12practice.html]
[colorado2013.drupalcamp.org/users/liveup66shwab.html]
[colorado2013.drupalcamp.org/users/drybuck83.html]
[colorado2013.drupalcamp.org/users/treeroyce13.html]
[colorado2013.drupalcamp.org/users/airbus8judo.html]
[colorado2013.drupalcamp.org/users/aoileannpadilla.html]
[colorado2013.drupalcamp.org/users/evanmwillhite.html]
[colorado2013.drupalcamp.org/users/eddy0bass.html]
[colorado2013.drupalcamp.org/users/scooterm.html]
[colorado2013.drupalcamp.org/users/jomanagonzalez.html]
[colorado2013.drupalcamp.org/users/team8chest.html]
[colorado2013.drupalcamp.org/users/okojumu.html]
[colorado2013.drupalcamp.org/users/acrollet.html]
[colorado2013.drupalcamp.org/users/technicalknockout.html]
[colorado2013.drupalcamp.org/users/zarabadoo.html]
[colorado2013.drupalcamp.org/users/guy0pajama.html]
[colorado2013.drupalcamp.org/users/nhero.html]
[colorado2013.drupalcamp.org/users/local09quaker.html]
[colorado2013.drupalcamp.org/users/aegis.html]
[colorado2013.drupalcamp.org/users/digger67luis.html]
[colorado2013.drupalcamp.org/users/slip13city.html]
[colorado2013.drupalcamp.org/users/charlesjones3.html]
[colorado2013.drupalcamp.org/users/anna.html]
[colorado2013.drupalcamp.org/users/bianca1564.html]
[colorado2013.drupalcamp.org/users/clownfragment.html]
[colorado2013.drupalcamp.org/users/joshwasp72.html]
[colorado2013.drupalcamp.org/users/ashley6.html]
[colorado2013.drupalcamp.org/users/rhosk.html]
[colorado2013.drupalcamp.org/users/mask76market.html]
[colorado2013.drupalcamp.org/users/melindaplett.html]
[colorado2013.drupalcamp.org/users/lungheight15.html]
[colorado2013.drupalcamp.org/users/holscience.html]
[colorado2013.drupalcamp.org/users/kyle.html]
[colorado2013.drupalcamp.org/users/lindsayo.html]
[colorado2013.drupalcamp.org/users/damianleuthold.html]
[colorado2013.drupalcamp.org/users/amdev-custom-imagework.html]
[colorado2013.drupalcamp.org/users/nmcclain.html]
[colorado2013.drupalcamp.org/users/aaronott.html]
[colorado2013.drupalcamp.org/sites/default/files/styles/tiny/public/pictures/picture-5-1369077863.jpg_itok=ng20Ujo9]
[colorado2013.drupalcamp.org/users/mstock.html]
[colorado2013.drupalcamp.org/users/amajyn.html]
[colorado2013.drupalcamp.org/users/vanleurth.html]
[colorado2013.drupalcamp.org/users/lydia2pin.html]
[colorado2013.drupalcamp.org/community_uid=&field_profile_first_value=&field_profile_last_format=&field_profile_interests_value=&field_profile_job_title_value=&page=1&order=field_profile_org_1&sort=asc.html]
[colorado2013.drupalcamp.org/community_uid=&field_profile_first_value=&field_profile_last_format=&field_profile_interests_value=&field_profile_job_title_value=&page=2&order=field_profile_org_1&sort=asc.html]
[colorado2013.drupalcamp.org/community_uid=&field_profile_first_value=&field_profile_last_format=&field_profile_interests_value=&field_profile_job_title_value=&order=field_profile_org_1&sort=asc.html]
[colorado2013.drupalcamp.org/community_uid=&field_profile_first_value=&field_profile_last_format=&field_profile_interests_value=&field_profile_job_title_value=&order=field_profile_job_title&sort=desc.html]
[colorado2013.drupalcamp.org/users/trk.html]
[colorado2013.drupalcamp.org/users/zlender.html]
[colorado2013.drupalcamp.org/users/jswainst.html]
[colorado2013.drupalcamp.org/users/rick-nashleanas.html]
[colorado2013.drupalcamp.org/users/stac3y.html]
[colorado2013.drupalcamp.org/users/ptozier.html]
[colorado2013.drupalcamp.org/users/nova8255.html]
[colorado2013.drupalcamp.org/users/lee20.html]
[colorado2013.drupalcamp.org/users/justin2pin.html]
[colorado2013.drupalcamp.org/users/marita.html]
[colorado2013.drupalcamp.org/users/michaelmcqueen.html]
[colorado2013.drupalcamp.org/community_uid=&field_profile_first_value=&field_profile_last_format=&field_profile_interests_value=&field_profile_job_title_value=&page=1&order=field_profile_job_title&sort=asc.html]
[colorado2013.drupalcamp.org/community_uid=&field_profile_first_value=&field_profile_last_format=&field_profile_interests_value=&field_profile_job_title_value=&page=2&order=field_profile_job_title&sort=asc.html]
[colorado2013.drupalcamp.org/community_uid=&field_profile_first_value=&field_profile_last_format=&field_profile_interests_value=&field_profile_job_title_value=&order=field_profile_job_title&sort=asc.html]
[colorado2013.drupalcamp.org/sites/default/files/styles/thumbnail/public/pictures/picture-345-1372609096.jpg_itok=GdiZyxu6]
[colorado2013.drupalcamp.org/users/msonnabaum.html]
[colorado2013.drupalcamp.org/sites/default/files/styles/thumbnail/public/pictures/picture-306-1372519667.jpg_itok=ppQ7TFpo]
[colorado2013.drupalcamp.org/users/tobyk.html]
[colorado2013.drupalcamp.org/sites/default/files/styles/thumbnail/public/pictures/picture-435-1372509688.jpg_itok=uglj4Xu8]
[colorado2013.drupalcamp.org/users/magnuskempe.html]
[colorado2013.drupalcamp.org/sites/default/files/styles/thumbnail/public/pictures/picture-433-1372464190.png_itok=pchXETZF]
[colorado2013.drupalcamp.org/users/schmitmd.html]
[colorado2013.drupalcamp.org/sites/default/files/styles/thumbnail/public/pictures/picture-432-1372460438.jpg_itok=nOTmubkb]
[colorado2013.drupalcamp.org/users/sanguis.html]
[colorado2013.drupalcamp.org/sites/default/files/styles/thumbnail/public/pictures/picture-429-1372442210.jpg_itok=rUEHeCqk]
[colorado2013.drupalcamp.org/users/criznach.html]
[colorado2013.drupalcamp.org/sites/default/files/styles/thumbnail/public/pictures/picture-311-1372430227.png_itok=v5i6r4Cj]
[colorado2013.drupalcamp.org/users/jeisel.html]
[colorado2013.drupalcamp.org/sites/default/files/styles/thumbnail/public/pictures/picture-424-1372393683.jpg_itok=g7khp1t0]
[colorado2013.drupalcamp.org/users/longtom.html]
[colorado2013.drupalcamp.org/sites/default/files/styles/thumbnail/public/pictures/picture-422-1372376783.jpg_itok=jsUnIsAp]
[colorado2013.drupalcamp.org/users/davidstacey.html]
[colorado2013.drupalcamp.org/sites/default/files/styles/thumbnail/public/pictures/picture-41-1372375478.jpg_itok=ZUgtI0wz]
[colorado2013.drupalcamp.org/users/dan.html]
[colorado2013.drupalcamp.org/sites/default/files/styles/thumbnail/public/pictures/picture-16-1372352341.jpg_itok=BLNVZ_JP]
[colorado2013.drupalcamp.org/users/greggles.html]
[colorado2013.drupalcamp.org/sites/default/files/styles/thumbnail/public/pictures/picture-409-1372301903.jpg_itok=ILvUDFm4]
[colorado2013.drupalcamp.org/users/rojosnow.html]
[colorado2013.drupalcamp.org/sites/default/files/styles/thumbnail/public/pictures/picture-278-1372296077.jpg_itok=CrClX3NH]
[colorado2013.drupalcamp.org/users/jking1224.html]
[colorado2013.drupalcamp.org/sites/default/files/styles/thumbnail/public/pictures/picture-407-1372289791.jpg_itok=qogmSYIt]
[colorado2013.drupalcamp.org/users/radeus.html]
[colorado2013.drupalcamp.org/sites/default/files/styles/thumbnail/public/pictures/picture-406-1372287232.jpg_itok=APkJGIG6]
[colorado2013.drupalcamp.org/users/kstansell.html]
[colorado2013.drupalcamp.org/sites/default/files/styles/thumbnail/public/pictures/picture-386-1372265402.jpg_itok=UEXt-RJf]
[colorado2013.drupalcamp.org/users/tacoberly.html]
[colorado2013.drupalcamp.org/sites/default/files/styles/thumbnail/public/pictures/picture-395-1372258696.jpg_itok=Hj66ISoa]
[colorado2013.drupalcamp.org/users/rmcveigh.html]
[colorado2013.drupalcamp.org/sites/default/files/styles/thumbnail/public/pictures/picture-388-1372201428.jpg_itok=F-Ohbx5w]
[colorado2013.drupalcamp.org/users/mojolama.html]
[colorado2013.drupalcamp.org/sites/default/files/styles/thumbnail/public/pictures/picture-387-1372198324.jpg_itok=1PpVhF36]
[colorado2013.drupalcamp.org/users/zekeweeks.html]
[colorado2013.drupalcamp.org/sites/default/files/styles/thumbnail/public/pictures/picture-325-1372184233.png_itok=OgH_Wb9X]
[colorado2013.drupalcamp.org/users/lisahatespickles.html]
[colorado2013.drupalcamp.org/sites/default/files/styles/thumbnail/public/pictures/picture-377-1372095797.jpg_itok=Jgu4qYHm]
[colorado2013.drupalcamp.org/users/ssandidge.html]
[colorado2013.drupalcamp.org/sites/default/files/styles/thumbnail/public/pictures/picture-373-1372005010.jpg_itok=TYsBem1u]
[colorado2013.drupalcamp.org/users/jkrusze.html]
[colorado2013.drupalcamp.org/sites/default/files/styles/thumbnail/public/pictures/picture-313-1371838730.jpg_itok=LpuFQOdV]
[colorado2013.drupalcamp.org/users/alfredo.html]
[colorado2013.drupalcamp.org/sites/default/files/styles/thumbnail/public/pictures/picture-368-1371828137.jpg_itok=bHHkVsVM]
[colorado2013.drupalcamp.org/users/timmvt.html]
[colorado2013.drupalcamp.org/sites/default/files/styles/thumbnail/public/pictures/picture-366-1371763373.jpg_itok=BUuzET09]
[colorado2013.drupalcamp.org/users/kirsten-rae.html]
[colorado2013.drupalcamp.org/sites/default/files/styles/thumbnail/public/pictures/picture-356-1371651828.jpg_itok=0OHOYGFO]
[colorado2013.drupalcamp.org/users/crashtest.html]
[colorado2013.drupalcamp.org/sites/default/files/styles/thumbnail/public/pictures/picture-354-1371587209.jpg_itok=NBIx4FTY]
[colorado2013.drupalcamp.org/users/gregvogl.html]
[colorado2013.drupalcamp.org/sites/default/files/styles/thumbnail/public/pictures/picture-349-1371574632.jpg_itok=m38TOJ56]
[colorado2013.drupalcamp.org/users/mtnguru.html]
[colorado2013.drupalcamp.org/sites/default/files/styles/thumbnail/public/pictures/picture-63-1371533388.png_itok=ppNfvN-g]
[colorado2013.drupalcamp.org/users/c4rl.html]
[colorado2013.drupalcamp.org/sites/default/files/styles/thumbnail/public/pictures/picture-344-1371510359.jpg_itok=OofIkh4k]
[colorado2013.drupalcamp.org/users/alasda.html]
[colorado2013.drupalcamp.org/sites/default/files/styles/thumbnail/public/pictures/picture-343-1371510202.jpg_itok=F4tyZsek]
[colorado2013.drupalcamp.org/users/neardark.html]
[colorado2013.drupalcamp.org/sites/default/files/styles/thumbnail/public/pictures/picture-330-1371501249.png_itok=1Uf0G68C]
[colorado2013.drupalcamp.org/users/endupok.html]
[colorado2013.drupalcamp.org/sites/default/files/styles/thumbnail/public/pictures/picture-339-1371484076.jpg_itok=f4bF_o_k]
[colorado2013.drupalcamp.org/users/copperbot.html]
[colorado2013.drupalcamp.org/sites/default/files/styles/thumbnail/public/pictures/picture-337-1371245634.jpg_itok=3-XrdpGO]
[colorado2013.drupalcamp.org/users/ryanblyth.html]
[colorado2013.drupalcamp.org/sites/default/files/styles/thumbnail/public/pictures/picture-334-1371236909.jpg_itok=xLQ6C6i7]
[colorado2013.drupalcamp.org/users/kirei.html]
[colorado2013.drupalcamp.org/sites/default/files/styles/thumbnail/public/pictures/picture-329-1371220728.png_itok=6JBHqiU9]
[colorado2013.drupalcamp.org/users/joshcoast.html]
[colorado2013.drupalcamp.org/sites/default/files/styles/thumbnail/public/pictures/picture-327-1371177987.jpg_itok=0_mpIfkk]
[colorado2013.drupalcamp.org/users/rdugwyler.html]
[colorado2013.drupalcamp.org/sites/default/files/styles/thumbnail/public/pictures/picture-320-1371168585.jpg_itok=jTTjbNYF]
[colorado2013.drupalcamp.org/users/william-moats.html]
[colorado2013.drupalcamp.org/sites/default/files/styles/thumbnail/public/pictures/picture-322-1371145886.jpg_itok=ii7omaTE]
[colorado2013.drupalcamp.org/users/curtiscsnyder.html]
[colorado2013.drupalcamp.org/sites/default/files/styles/thumbnail/public/pictures/picture-321-1371145378.jpg_itok=yz-Hxdoi]
[colorado2013.drupalcamp.org/users/nouveaustar.html]
[colorado2013.drupalcamp.org/sites/default/files/styles/thumbnail/public/pictures/picture-319-1371145360.jpg_itok=kCNJeyxE]
[colorado2013.drupalcamp.org/users/bartlantz.html]
[colorado2013.drupalcamp.org/sites/default/files/styles/thumbnail/public/pictures/picture-286-1371136541.png_itok=X88YKMKq]
[colorado2013.drupalcamp.org/users/kreynen.html]
[colorado2013.drupalcamp.org/sites/default/files/styles/thumbnail/public/pictures/picture-315-1371128152.jpg_itok=QLHVjL76]
[colorado2013.drupalcamp.org/users/maarit.html]
[colorado2013.drupalcamp.org/sites/default/files/styles/thumbnail/public/pictures/picture-312-1371059668.png_itok=Dvr7a18i]
[colorado2013.drupalcamp.org/users/epruett.html]
[colorado2013.drupalcamp.org/sites/default/files/styles/thumbnail/public/pictures/picture-305-1370972413.jpg_itok=i1jUL9N4]
[colorado2013.drupalcamp.org/users/sergiobordas.html]
[colorado2013.drupalcamp.org/sites/default/files/styles/thumbnail/public/pictures/picture-304-1370969878.jpg_itok=i_e9j1SJ]
[colorado2013.drupalcamp.org/users/joshmiller.html]
[colorado2013.drupalcamp.org/sites/default/files/styles/thumbnail/public/pictures/picture-301-1370896163.jpg_itok=LrDt-gvK]
[colorado2013.drupalcamp.org/users/joelsteidl.html]
[colorado2013.drupalcamp.org/sites/default/files/styles/thumbnail/public/pictures/picture-300-1370890636.jpg_itok=bkDgPemL]
[colorado2013.drupalcamp.org/users/killtheliterate.html]
[colorado2013.drupalcamp.org/sites/default/files/styles/thumbnail/public/pictures/picture-295-1370879210.jpg_itok=io10WSR6]
[colorado2013.drupalcamp.org/users/sdemaree.html]
[colorado2013.drupalcamp.org/sites/default/files/styles/thumbnail/public/pictures/picture-292-1370729063.jpg_itok=g6zi1gSI]
[colorado2013.drupalcamp.org/users/quicksketch.html]
[colorado2013.drupalcamp.org/sites/default/files/styles/thumbnail/public/pictures/picture-15-1370641407.jpg_itok=8it4CkN-]
[colorado2013.drupalcamp.org/users/schwandr.html]
[colorado2013.drupalcamp.org/sites/default/files/styles/thumbnail/public/pictures/picture-290-1370639838.jpg_itok=IHwYhRJK]
[colorado2013.drupalcamp.org/users/owntheweb.html]
[colorado2013.drupalcamp.org/sites/default/files/styles/thumbnail/public/pictures/picture-274-1370617198.jpg_itok=XX6RUGeX]
[colorado2013.drupalcamp.org/users/chasingdownadream.html]
[colorado2013.drupalcamp.org/sites/default/files/styles/thumbnail/public/pictures/picture-287-1370615487.jpg_itok=ymAFLooQ]
[colorado2013.drupalcamp.org/users/schaper.html]
[colorado2013.drupalcamp.org/sites/default/files/styles/thumbnail/public/pictures/picture-284-1370562713.jpg_itok=3DF8QmST]
[colorado2013.drupalcamp.org/users/davidcsonka.html]
[colorado2013.drupalcamp.org/sites/default/files/styles/thumbnail/public/pictures/picture-282-1370561990.jpg_itok=6PaOnZvI]
[colorado2013.drupalcamp.org/users/brentrobbins.html]
[colorado2013.drupalcamp.org/sites/default/files/styles/thumbnail/public/pictures/picture-281-1370557263.jpg_itok=tC0ORXaH]
[colorado2013.drupalcamp.org/users/hessebar.html]
[colorado2013.drupalcamp.org/sites/default/files/styles/thumbnail/public/pictures/picture-280-1370554352.jpg_itok=FYJ43jMs]
[colorado2013.drupalcamp.org/users/dave-reid.html]
[colorado2013.drupalcamp.org/sites/default/files/styles/thumbnail/public/pictures/picture-277-1370542221.jpg_itok=tVBxVDI8]
[colorado2013.drupalcamp.org/users/kamorrissey.html]
[colorado2013.drupalcamp.org/sites/default/files/styles/thumbnail/public/pictures/picture-109-1370540841.jpg_itok=Gn1ycmwl]
[colorado2013.drupalcamp.org/users/juliaset.html]
[colorado2013.drupalcamp.org/sites/default/files/styles/thumbnail/public/pictures/picture-25-1370539127.jpg_itok=U5Hivo_y]
[colorado2013.drupalcamp.org/users/techgirlgeek.html]
[colorado2013.drupalcamp.org/sites/default/files/styles/thumbnail/public/pictures/picture-272-1370466128.png_itok=glGjN98_]
[colorado2013.drupalcamp.org/users/kenwoodworth.html]
[colorado2013.drupalcamp.org/sites/default/files/styles/thumbnail/public/pictures/picture-271-1370461021.png_itok=yglWM3rO]
[colorado2013.drupalcamp.org/users/david-marvin.html]
[colorado2013.drupalcamp.org/sites/default/files/styles/thumbnail/public/pictures/picture-269-1370452688.png_itok=QHuXqjzA]
[colorado2013.drupalcamp.org/users/rochellescott.html]
[colorado2013.drupalcamp.org/sites/default/files/styles/thumbnail/public/pictures/picture-260-1370436146.jpg_itok=ShOOT2JP]
[colorado2013.drupalcamp.org/users/mdorman.html]
[colorado2013.drupalcamp.org/sites/default/files/styles/thumbnail/public/pictures/picture-264-1370384496.jpg_itok=ChUZYvNE]
[colorado2013.drupalcamp.org/users/sethlbrown.html]
[colorado2013.drupalcamp.org/sites/default/files/styles/thumbnail/public/pictures/picture-263-1370382522.jpg_itok=pbxMcriU]
[colorado2013.drupalcamp.org/users/trhein.html]
[colorado2013.drupalcamp.org/sites/default/files/styles/thumbnail/public/pictures/picture-261-1370367600.jpg_itok=Hxz8y2xR]
[colorado2013.drupalcamp.org/users/ptocheia.html]
[colorado2013.drupalcamp.org/sites/default/files/styles/thumbnail/public/pictures/picture-258-1370314190.png_itok=7Tx7Dcr-]
[colorado2013.drupalcamp.org/users/jessicamontgomerie.html]
[colorado2013.drupalcamp.org/sites/default/files/styles/thumbnail/public/pictures/picture-257-1370298859.jpg_itok=2iACmBf1]
[colorado2013.drupalcamp.org/users/hillarycamp.html]
[colorado2013.drupalcamp.org/sites/default/files/styles/thumbnail/public/pictures/picture-115-1370289637.jpg_itok=Hoy64llJ]
[colorado2013.drupalcamp.org/users/bradjones1.html]
[colorado2013.drupalcamp.org/sites/default/files/styles/thumbnail/public/pictures/picture-255-1370285484.jpg_itok=SGig4Byd]
[colorado2013.drupalcamp.org/users/kidicarus.html]
[colorado2013.drupalcamp.org/sites/default/files/styles/thumbnail/public/pictures/picture-251-1370280653.jpg_itok=2yYW-_dw]
[colorado2013.drupalcamp.org/users/mikefyfer.html]
[colorado2013.drupalcamp.org/sites/default/files/styles/thumbnail/public/pictures/picture-250-1370280020.jpg_itok=jM4j7e3I]
[colorado2013.drupalcamp.org/users/danny.html]
[colorado2013.drupalcamp.org/sites/default/files/styles/thumbnail/public/pictures/picture-170-1370192676.jpg_itok=MTDPquH0]
[colorado2013.drupalcamp.org/users/keya.html]
[colorado2013.drupalcamp.org/sites/default/files/styles/thumbnail/public/pictures/picture-57-1370138859.jpg_itok=ZzICR9kn]
[colorado2013.drupalcamp.org/users/databoy.html]
[colorado2013.drupalcamp.org/sites/default/files/styles/thumbnail/public/pictures/picture-112-1370033070.jpg_itok=YnfL4JdM]
[colorado2013.drupalcamp.org/users/mrpatrickwest.html]
[colorado2013.drupalcamp.org/sites/default/files/styles/thumbnail/public/pictures/picture-108-1370026048.jpg_itok=iLIab4Xb]
[colorado2013.drupalcamp.org/users/celiah.html]
[colorado2013.drupalcamp.org/sites/default/files/styles/thumbnail/public/pictures/picture-107-1370021087.jpg_itok=AiKl8aN5]
[colorado2013.drupalcamp.org/users/apbailey.html]
[colorado2013.drupalcamp.org/users/vonsigg.html]
[colorado2013.drupalcamp.org/sites/default/files/styles/thumbnail/public/pictures/picture-79-1369945947.jpg_itok=XItnKPaB]
[colorado2013.drupalcamp.org/users/theladebug.html]
[colorado2013.drupalcamp.org/sites/default/files/styles/thumbnail/public/pictures/picture-77-1369944166.jpg_itok=W9L12WjQ]
[colorado2013.drupalcamp.org/users/misswilder.html]
[colorado2013.drupalcamp.org/sites/default/files/styles/thumbnail/public/pictures/picture-72-1369932446.jpg_itok=1_gzBUcl]
[colorado2013.drupalcamp.org/users/hugolallowavecloudcom.html]
[colorado2013.drupalcamp.org/sites/default/files/styles/thumbnail/public/pictures/picture-71-1369931919.jpg_itok=TbCfiGWL]
[colorado2013.drupalcamp.org/users/draenen.html]
[colorado2013.drupalcamp.org/sites/default/files/styles/thumbnail/public/pictures/picture-56-1369931431.jpg_itok=en3Gg30D]
[colorado2013.drupalcamp.org/users/james.html]
[colorado2013.drupalcamp.org/sites/default/files/styles/thumbnail/public/pictures/picture-14-1369931414.jpg_itok=AZi4M4P6]
[colorado2013.drupalcamp.org/users/protitude.html]
[colorado2013.drupalcamp.org/sites/default/files/styles/thumbnail/public/pictures/picture-64-1369910300.jpg_itok=x4jlSPMi]
[colorado2013.drupalcamp.org/users/greggmarshall.html]
[colorado2013.drupalcamp.org/sites/default/files/styles/thumbnail/public/pictures/picture-31-1369849282.jpg_itok=lq2ANsW9]
[colorado2013.drupalcamp.org/users/shahpa.html]
[colorado2013.drupalcamp.org/sites/default/files/styles/thumbnail/public/pictures/picture-51-1369842004.jpg_itok=sdHU0P34]
[colorado2013.drupalcamp.org/users/daisytrench.html]
[colorado2013.drupalcamp.org/sites/default/files/styles/thumbnail/public/pictures/picture-53-1369833314.jpg_itok=X5ag3f5d]
[colorado2013.drupalcamp.org/users/jimmynash.html]
[colorado2013.drupalcamp.org/sites/default/files/styles/thumbnail/public/pictures/picture-52-1369804536.jpg_itok=HdYYt0X4]
[colorado2013.drupalcamp.org/users/juaneclark.html]
[colorado2013.drupalcamp.org/sites/default/files/styles/thumbnail/public/pictures/picture-50-1369802443.jpg_itok=GUMovztz]
[colorado2013.drupalcamp.org/users/gregnostic.html]
[colorado2013.drupalcamp.org/sites/default/files/styles/thumbnail/public/pictures/picture-49-1369801979.png_itok=hBpHgF_d]
[colorado2013.drupalcamp.org/users/hunter.html]
[colorado2013.drupalcamp.org/sites/default/files/styles/thumbnail/public/pictures/picture-48-1369794605.jpg_itok=T5LzpFHc]
[colorado2013.drupalcamp.org/users/maidanet.html]
[colorado2013.drupalcamp.org/sites/default/files/styles/thumbnail/public/pictures/picture-44-1369785904.jpg_itok=Drd_TTJS]
[colorado2013.drupalcamp.org/users/rickmanelius.html]
[colorado2013.drupalcamp.org/sites/default/files/styles/thumbnail/public/pictures/picture-35-1369784964.jpg_itok=fV0Wdi-V]
[colorado2013.drupalcamp.org/users/natecopt.html]
[colorado2013.drupalcamp.org/sites/default/files/styles/thumbnail/public/pictures/picture-40-1369783497.jpg_itok=t-Hv71LC]
[colorado2013.drupalcamp.org/users/brian.html]
[colorado2013.drupalcamp.org/sites/default/files/styles/thumbnail/public/pictures/picture-38-1369782851.jpg_itok=ZynbZn7L]
[colorado2013.drupalcamp.org/users/winn.html]
[colorado2013.drupalcamp.org/sites/default/files/styles/thumbnail/public/pictures/picture-36-1369782441.jpg_itok=ZtaVND0U]
[colorado2013.drupalcamp.org/users/matthews.html]
[colorado2013.drupalcamp.org/sites/default/files/styles/thumbnail/public/pictures/picture-34-1369781229.png_itok=LNtxhA7e]
[colorado2013.drupalcamp.org/users/cyberswat.html]
[colorado2013.drupalcamp.org/users/vegantriathlete.html]
[colorado2013.drupalcamp.org/sites/default/files/styles/tiny/public/pictures/picture-30-1369770397.jpg_itok=alxXZnWN]
[colorado2013.drupalcamp.org/users/ultimateboy.html]
[colorado2013.drupalcamp.org/sites/default/files/styles/tiny/public/pictures/picture-2-1369760425.jpg_itok=El7rDv3I]
[colorado2013.drupalcamp.org/users/dsweanyregisedu.html]
[colorado2013.drupalcamp.org/users/bradley.html]
[colorado2013.drupalcamp.org/users/rod4president.html]
[colorado2013.drupalcamp.org/users/jaydub.html]
[colorado2013.drupalcamp.org/users/rgristroph.html]
[colorado2013.drupalcamp.org/users/sydney.html]
[colorado2013.drupalcamp.org/users/bartuc.html]
[colorado2013.drupalcamp.org/users/vordude.html]
[colorado2013.drupalcamp.org/users/tannerlpage1.html]
[colorado2013.drupalcamp.org/users/newmedia.html]
[colorado2013.drupalcamp.org/users/suspence.html]
[colorado2013.drupalcamp.org/users/timopage1.html]
[colorado2013.drupalcamp.org/users/marthorn.html]
[colorado2013.drupalcamp.org/users/jerlyon.html]
[colorado2013.drupalcamp.org/users/vhoughton.html]
[colorado2013.drupalcamp.org/users/natespage1.html]
[colorado2013.drupalcamp.org/users/emilyt.html]
[colorado2013.drupalcamp.org/users/jenlampton.html]
[colorado2013.drupalcamp.org/users/micnap.html]
[colorado2013.drupalcamp.org/users/ninermac.html]
[colorado2013.drupalcamp.org/users/lynn-reed.html]
[colorado2013.drupalcamp.org/users/ksolis.html]
[colorado2013.drupalcamp.org/users/ckim.html]
[colorado2013.drupalcamp.org/users/chet.html]
[colorado2013.drupalcamp.org/users/novelry.html]
[colorado2013.drupalcamp.org/users/averplaetse.html]
[colorado2013.drupalcamp.org/users/gabesullice.html]
[colorado2013.drupalcamp.org/users/stevekessler.html]
[colorado2013.drupalcamp.org/community_uid=&field_profile_first_value=&field_profile_last_format=&field_profile_interests_value=&field_profile_job_title_value=.html]
[colorado2013.drupalcamp.org/community_uid=&field_profile_first_value=&field_profile_last_format=&field_profile_interests_value=&field_profile_job_title_value=&page=1.html]
[colorado2013.drupalcamp.org/users/rklawson.html]
[colorado2013.drupalcamp.org/users/nehrudeepak.html]
[colorado2013.drupalcamp.org/community_uid=&field_profile_first_value=&field_profile_last_format=&field_profile_interests_value=&field_profile_job_title_value=&page=2.html]
[colorado2013.drupalcamp.org/node/45.html]
[colorado2013.drupalcamp.org/node/44.html]
[colorado2013.drupalcamp.org/final-session-list_title=&field_experience_value=All&field_track_value=All&order=title&sort=desc.html]
[colorado2013.drupalcamp.org/final-session-list_title=&field_experience_value=All&field_track_value=All&order=field_slot_datetime&sort=asc.html]
[colorado2013.drupalcamp.org/final-session-list_title=&field_experience_value=All&field_track_value=All&order=field_experience&sort=desc.html]
[colorado2013.drupalcamp.org/final-session-list_title=&field_experience_value=All&field_track_value=All&order=field_track&sort=desc.html]
[colorado2013.drupalcamp.org/misc/ui/images/ui-bg_glass_75_e6e6e6_1x400.png]
[colorado2013.drupalcamp.org/sites/default/files/css/css_NTMCibiDgnk48MXhqvmCc-2_Wx6X7BKJa2RJ2jQyWMA.css]
[colorado2013.drupalcamp.org/users/cobolt101.html]
[colorado2013.drupalcamp.org/users/caveat4u.html]
[colorado2013.drupalcamp.org/users/carolinestarbird.html]
[colorado2013.drupalcamp.org/users/chrobi.html]
[colorado2013.drupalcamp.org/users/sreynen.html]
[colorado2013.drupalcamp.org/users/peifer.html]
[colorado2013.drupalcamp.org/community_uid=&field_profile_first_value=&field_profile_last_format=&field_profile_interests_value=&field_profile_job_title_value=&page=1&order=field_profile_last&sort=desc.html]
[colorado2013.drupalcamp.org/community_uid=&field_profile_first_value=&field_profile_last_format=&field_profile_interests_value=&field_profile_job_title_value=&page=2&order=field_profile_last&sort=desc.html]
[colorado2013.drupalcamp.org/community_uid=&field_profile_first_value=&field_profile_last_format=&field_profile_interests_value=&field_profile_job_title_value=&order=field_profile_last&sort=desc.html]
[colorado2013.drupalcamp.org/users/macwpage1.html]
[colorado2013.drupalcamp.org/users/anitaapage1.html]
[colorado2013.drupalcamp.org/users/keyboardcowboy.html]
[colorado2013.drupalcamp.org/users/todd.html]
[colorado2013.drupalcamp.org/users/antoniou.html]
[colorado2013.drupalcamp.org/users/davebailey.html]
[colorado2013.drupalcamp.org/users/douglasbaldwin.html]
[colorado2013.drupalcamp.org/users/rballou.html]
[colorado2013.drupalcamp.org/users/erbeck.html]
[colorado2013.drupalcamp.org/users/andrew-biddinger.html]
[colorado2013.drupalcamp.org/users/brockboland.html]
[colorado2013.drupalcamp.org/users/allisonbpage1.html]
[colorado2013.drupalcamp.org/users/thadruben55.html]
[colorado2013.drupalcamp.org/users/beeradb.html]
[colorado2013.drupalcamp.org/users/jwbraucher.html]
[colorado2013.drupalcamp.org/users/bredehoft.html]
[colorado2013.drupalcamp.org/users/nick.html]
[colorado2013.drupalcamp.org/users/annemosh.html]
[colorado2013.drupalcamp.org/users/andrewbrookhart.html]
[colorado2013.drupalcamp.org/users/stevejburge.html]
[colorado2013.drupalcamp.org/users/clainecohen.html]
[colorado2013.drupalcamp.org/users/chrisolof.html]
[colorado2013.drupalcamp.org/users/stephanie-canon.html]
[colorado2013.drupalcamp.org/sites/default/files/styles/thumbnail/public/pictures/picture-24-1369778259.jpg_itok=gwcIMOnc]
[colorado2013.drupalcamp.org/users/markie.html]
[colorado2013.drupalcamp.org/users/locktenor6.html]
[colorado2013.drupalcamp.org/users/omensonl.html]
[colorado2013.drupalcamp.org/users/rkchesnutt.html]
[colorado2013.drupalcamp.org/users/larsdesigns.html]
[colorado2013.drupalcamp.org/users/connie-clem.html]
[colorado2013.drupalcamp.org/users/frodopwns.html]
[colorado2013.drupalcamp.org/users/ccoughlan.html]
[colorado2013.drupalcamp.org/users/kevincrafts.html]
[colorado2013.drupalcamp.org/users/crafts.html]
[colorado2013.drupalcamp.org/users/jcrespo.html]
[colorado2013.drupalcamp.org/users/curtins.html]
[colorado2013.drupalcamp.org/users/dawnlizdavis.html]
[colorado2013.drupalcamp.org/users/roger7rene.html]
[colorado2013.drupalcamp.org/users/cedewey.html]
[colorado2013.drupalcamp.org/users/rdickert.html]
[colorado2013.drupalcamp.org/users/robingoodfellow.html]
[colorado2013.drupalcamp.org/users/larboyt.html]
[colorado2013.drupalcamp.org/users/sarah8.html]
[colorado2013.drupalcamp.org/users/cdykstra.html]
[colorado2013.drupalcamp.org/users/fredo.html]
[colorado2013.drupalcamp.org/users/johne.html]
[colorado2013.drupalcamp.org/users/yakbud33.html]
[colorado2013.drupalcamp.org/users/chasengine16.html]
[colorado2013.drupalcamp.org/users/jfellers.html]
[colorado2013.drupalcamp.org/users/tannerjf.html]
[colorado2013.drupalcamp.org/users/bzbferris.html]
[colorado2013.drupalcamp.org/sites/default/files/styles/thumbnail/public/pictures/picture-29-1369762482.jpg_itok=bCxykhPm]
[colorado2013.drupalcamp.org/users/jcfiala.html]
[colorado2013.drupalcamp.org/users/benfields.html]
[colorado2013.drupalcamp.org/users/alanfields.html]
[colorado2013.drupalcamp.org/users/donn0door.html]
[colorado2013.drupalcamp.org/users/cathym.html]
[colorado2013.drupalcamp.org/users/benjf.html]
[colorado2013.drupalcamp.org/users/cividesk.html]
[colorado2013.drupalcamp.org/users/ezra-g.html]
[colorado2013.drupalcamp.org/users/brian-goodheim.html]
[colorado2013.drupalcamp.org/users/cobadger.html]
[colorado2013.drupalcamp.org/users/songalonzo77.html]
[colorado2013.drupalcamp.org/users/bgstalder.html]
[colorado2013.drupalcamp.org/users/dkh.html]
[colorado2013.drupalcamp.org/users/timhpage1.html]
[colorado2013.drupalcamp.org/users/garbanzito.html]
[colorado2013.drupalcamp.org/users/bruceharrison.html]
[colorado2013.drupalcamp.org/users/ed1hen.html]
[colorado2013.drupalcamp.org/users/bryanking.html]
[colorado2013.drupalcamp.org/users/kennamccabe.html]
[colorado2013.drupalcamp.org/community_uid=&field_profile_first_value=&field_profile_last_format=&field_profile_interests_value=&field_profile_job_title_value=&page=1&order=field_profile_last&sort=asc.html]
[colorado2013.drupalcamp.org/community_uid=&field_profile_first_value=&field_profile_last_format=&field_profile_interests_value=&field_profile_job_title_value=&page=2&order=field_profile_last&sort=asc.html]
[colorado2013.drupalcamp.org/community_uid=&field_profile_first_value=&field_profile_last_format=&field_profile_interests_value=&field_profile_job_title_value=&page=2&order=field_profile_org_1&sort=desc.html]
[colorado2013.drupalcamp.org/community_uid=&field_profile_first_value=&field_profile_last_format=&field_profile_interests_value=&field_profile_job_title_value=&order=field_profile_org_1&sort=desc.html]
[colorado2013.drupalcamp.org/users/disasm.html]
[colorado2013.drupalcamp.org/users/von81pan.html]
[colorado2013.drupalcamp.org/users/karltray5.html]
[colorado2013.drupalcamp.org/users/comb0kraig.html]
[colorado2013.drupalcamp.org/users/letting12practice.html]
[colorado2013.drupalcamp.org/users/liveup66shwab.html]
[colorado2013.drupalcamp.org/users/drybuck83.html]
[colorado2013.drupalcamp.org/users/treeroyce13.html]
[colorado2013.drupalcamp.org/users/airbus8judo.html]
[colorado2013.drupalcamp.org/users/aoileannpadilla.html]
[colorado2013.drupalcamp.org/users/evanmwillhite.html]
[colorado2013.drupalcamp.org/users/eddy0bass.html]
[colorado2013.drupalcamp.org/users/scooterm.html]
[colorado2013.drupalcamp.org/users/jomanagonzalez.html]
[colorado2013.drupalcamp.org/users/team8chest.html]
[colorado2013.drupalcamp.org/users/okojumu.html]
[colorado2013.drupalcamp.org/users/acrollet.html]
[colorado2013.drupalcamp.org/users/technicalknockout.html]
[colorado2013.drupalcamp.org/users/zarabadoo.html]
[colorado2013.drupalcamp.org/users/guy0pajama.html]
[colorado2013.drupalcamp.org/users/nhero.html]
[colorado2013.drupalcamp.org/users/local09quaker.html]
[colorado2013.drupalcamp.org/users/aegis.html]
[colorado2013.drupalcamp.org/users/digger67luis.html]
[colorado2013.drupalcamp.org/users/slip13city.html]
[colorado2013.drupalcamp.org/users/charlesjones3.html]
[colorado2013.drupalcamp.org/users/anna.html]
[colorado2013.drupalcamp.org/users/bianca1564.html]
[colorado2013.drupalcamp.org/users/clownfragment.html]
[colorado2013.drupalcamp.org/users/joshwasp72.html]
[colorado2013.drupalcamp.org/users/ashley6.html]
[colorado2013.drupalcamp.org/users/rhosk.html]
[colorado2013.drupalcamp.org/users/mask76market.html]
[colorado2013.drupalcamp.org/users/melindaplett.html]
[colorado2013.drupalcamp.org/users/lungheight15.html]
[colorado2013.drupalcamp.org/users/holscience.html]
[colorado2013.drupalcamp.org/users/kyle.html]
[colorado2013.drupalcamp.org/users/lindsayo.html]
[colorado2013.drupalcamp.org/users/damianleuthold.html]
[colorado2013.drupalcamp.org/users/amdev-custom-imagework.html]
[colorado2013.drupalcamp.org/users/nmcclain.html]
[colorado2013.drupalcamp.org/sites/default/files/styles/thumbnail/public/pictures/picture-5-1369077863.jpg_itok=nI_y404e]
[colorado2013.drupalcamp.org/users/aaronott.html]
[colorado2013.drupalcamp.org/users/mstock.html]
[colorado2013.drupalcamp.org/users/amajyn.html]
[colorado2013.drupalcamp.org/users/vanleurth.html]
[colorado2013.drupalcamp.org/users/lydia2pin.html]
[colorado2013.drupalcamp.org/community_uid=&field_profile_first_value=&field_profile_last_format=&field_profile_interests_value=&field_profile_job_title_value=&page=1&order=field_profile_org_1&sort=asc.html]
[colorado2013.drupalcamp.org/community_uid=&field_profile_first_value=&field_profile_last_format=&field_profile_interests_value=&field_profile_job_title_value=&page=2&order=field_profile_org_1&sort=asc.html]
[colorado2013.drupalcamp.org/community_uid=&field_profile_first_value=&field_profile_last_format=&field_profile_interests_value=&field_profile_job_title_value=&page=1&order=field_profile_job_title&sort=desc.html]
[colorado2013.drupalcamp.org/community_uid=&field_profile_first_value=&field_profile_last_format=&field_profile_interests_value=&field_profile_job_title_value=&page=2&order=field_profile_job_title&sort=desc.html]
[colorado2013.drupalcamp.org/community_uid=&field_profile_first_value=&field_profile_last_format=&field_profile_interests_value=&field_profile_job_title_value=&order=field_profile_job_title&sort=desc.html]
[colorado2013.drupalcamp.org/users/trk.html]
[colorado2013.drupalcamp.org/users/zlender.html]
[colorado2013.drupalcamp.org/users/jswainst.html]
[colorado2013.drupalcamp.org/users/rick-nashleanas.html]
[colorado2013.drupalcamp.org/users/stac3y.html]
[colorado2013.drupalcamp.org/users/ptozier.html]
[colorado2013.drupalcamp.org/users/nova8255.html]
[colorado2013.drupalcamp.org/users/lee20.html]
[colorado2013.drupalcamp.org/users/justin2pin.html]
[colorado2013.drupalcamp.org/users/marita.html]
[colorado2013.drupalcamp.org/users/michaelmcqueen.html]
[colorado2013.drupalcamp.org/community_uid=&field_profile_first_value=&field_profile_last_format=&field_profile_interests_value=&field_profile_job_title_value=&page=1&order=field_profile_job_title&sort=asc.html]
[colorado2013.drupalcamp.org/community_uid=&field_profile_first_value=&field_profile_last_format=&field_profile_interests_value=&field_profile_job_title_value=&page=2&order=field_profile_job_title&sort=asc.html]
[colorado2013.drupalcamp.org/sites/default/files/styles/thumbnail/public/pictures/picture-106-1370019874.html]
[colorado2013.drupalcamp.org/sites/default/files/styles/thumbnail/public/pictures/picture-30-1369770397.jpg_itok=8ttdc4k9]
[colorado2013.drupalcamp.org/users/vegantriathlete.html]
[colorado2013.drupalcamp.org/sites/default/files/styles/thumbnail/public/pictures/picture-2-1369760425.jpg_itok=tAZ5tBCM]
[colorado2013.drupalcamp.org/users/ultimateboy.html]
[colorado2013.drupalcamp.org/users/dsweanyregisedu.html]
[colorado2013.drupalcamp.org/users/bradley.html]
[colorado2013.drupalcamp.org/users/rod4president.html]
[colorado2013.drupalcamp.org/users/jaydub.html]
[colorado2013.drupalcamp.org/users/rgristroph.html]
[colorado2013.drupalcamp.org/users/sydney.html]
[colorado2013.drupalcamp.org/users/bartuc.html]
[colorado2013.drupalcamp.org/users/vordude.html]
[colorado2013.drupalcamp.org/users/tannerlpage1.html]
[colorado2013.drupalcamp.org/users/newmedia.html]
[colorado2013.drupalcamp.org/users/suspence.html]
[colorado2013.drupalcamp.org/users/timopage1.html]
[colorado2013.drupalcamp.org/users/marthorn.html]
[colorado2013.drupalcamp.org/users/jerlyon.html]
[colorado2013.drupalcamp.org/users/vhoughton.html]
[colorado2013.drupalcamp.org/users/natespage1.html]
[colorado2013.drupalcamp.org/users/emilyt.html]
[colorado2013.drupalcamp.org/users/jenlampton.html]
[colorado2013.drupalcamp.org/users/micnap.html]
[colorado2013.drupalcamp.org/users/ninermac.html]
[colorado2013.drupalcamp.org/users/lynn-reed.html]
[colorado2013.drupalcamp.org/users/ksolis.html]
[colorado2013.drupalcamp.org/users/ckim.html]
[colorado2013.drupalcamp.org/users/chet.html]
[colorado2013.drupalcamp.org/users/novelry.html]
[colorado2013.drupalcamp.org/users/averplaetse.html]
[colorado2013.drupalcamp.org/users/gabesullice.html]
[colorado2013.drupalcamp.org/users/stevekessler.html]
[colorado2013.drupalcamp.org/community_uid=&field_profile_first_value=&field_profile_last_format=&field_profile_interests_value=&field_profile_job_title_value=.html]
[colorado2013.drupalcamp.org/users/rklawson.html]
[colorado2013.drupalcamp.org/users/nehrudeepak.html]
[colorado2013.drupalcamp.org/users/cobolt101.html]
[colorado2013.drupalcamp.org/users/caveat4u.html]
[colorado2013.drupalcamp.org/users/carolinestarbird.html]
[colorado2013.drupalcamp.org/users/chrobi.html]
[colorado2013.drupalcamp.org/users/sreynen.html]
[colorado2013.drupalcamp.org/users/peifer.html]
[colorado2013.drupalcamp.org/community_uid=&field_profile_first_value=&field_profile_last_format=&field_profile_interests_value=&field_profile_job_title_value=&page=1&order=field_profile_last&sort=desc.html]
[colorado2013.drupalcamp.org/community_uid=&field_profile_first_value=&field_profile_last_format=&field_profile_interests_value=&field_profile_job_title_value=&page=2&order=field_profile_last&sort=desc.html]
[colorado2013.drupalcamp.org/users/bryanking.html]
[colorado2013.drupalcamp.org/users/kennamccabe.html]
[colorado2013.drupalcamp.org/community_uid=&field_profile_first_value=&field_profile_last_format=&field_profile_interests_value=&field_profile_job_title_value=&page=1&order=field_profile_org_1&sort=desc.html]
[colorado2013.drupalcamp.org/community_uid=&field_profile_first_value=&field_profile_last_format=&field_profile_interests_value=&field_profile_job_title_value=&page=2&order=field_profile_org_1&sort=desc.html]
[colorado2013.drupalcamp.org/community_uid=&field_profile_first_value=&field_profile_last_format=&field_profile_interests_value=&field_profile_job_title_value=&page=1&order=field_profile_job_title&sort=desc.html]
[colorado2013.drupalcamp.org/community_uid=&field_profile_first_value=&field_profile_last_format=&field_profile_interests_value=&field_profile_job_title_value=&page=2&order=field_profile_job_title&sort=desc.html]
